// Jest Snapshot v1, https://goo.gl/fbAQLP

exports[`App should match with snapshot 1`] = `undefined`;
